   Compiling kernel v0.1.0 (C:\Users\ASUS\Desktop\PROJECT OS\kernel)
   Compiling onyxos v0.1.0 (C:\Users\ASUS\Desktop\PROJECT OS)
warning: type `SyscallScratch` is more private than the item `SCRATCH`
  --> kernel\src\syscall.rs:64:1
   |
64 | pub static mut SCRATCH: SyscallScratch = SyscallScratch::new();
   | ^^^^^^^^^^^^^^^^^^^^^^^^^^^^^^^^^^^^^^ static `SCRATCH` is reachable at visibility `pub(crate)`
   |
note: but type `SyscallScratch` is only usable at visibility `pub(self)`
  --> kernel\src\syscall.rs:42:1
   |
42 | struct SyscallScratch {
   | ^^^^^^^^^^^^^^^^^^^^^
   = note: `#[warn(private_interfaces)]` on by default

warning: constant `REG_ERROR` is never used
  --> kernel\src\ata.rs:22:7
   |
22 | const REG_ERROR: u16 = 0x1F1;
   |       ^^^^^^^^^
   |
   = note: `#[warn(dead_code)]` (part of `#[warn(unused)]`) on by default

warning: fields `info`, `layout`, and `disk_guid` are never read
  --> kernel\src\block.rs:36:9
   |
34 | pub struct Disk {
   |            ---- fields in this struct
35 |     pub drive: AtaDrive,
36 |     pub info: DriveInfo,
   |         ^^^^
37 |     pub layout: Layout,
   |         ^^^^^^
...
40 |     pub disk_guid: String,
   |         ^^^^^^^^^

warning: fields `data_selector` and `tss_selector` are never read
  --> kernel\src\gdt.rs:45:9
   |
43 | pub struct Selectors {
   |            --------- fields in this struct
44 |     pub code_selector: SegmentSelector,
45 |     pub data_selector: SegmentSelector,
   |         ^^^^^^^^^^^^^
...
51 |     pub tss_selector: SegmentSelector,
   |         ^^^^^^^^^^^^

warning: function `double_fault_isr` is never used
   --> kernel\src\interrupts.rs:185:8
    |
185 | pub fn double_fault_isr() {
    |        ^^^^^^^^^^^^^^^^

warning: function `init` is never used
  --> kernel\src\keyboard.rs:81:8
   |
81 | pub fn init() {}
   |        ^^^^

warning: function `disable_irq` is never used
  --> kernel\src\pic.rs:51:8
   |
51 | pub fn disable_irq(irq: u8) {
   |        ^^^^^^^^^^^

warning: fields `id` and `stack` are never read
  --> kernel\src\scheduler.rs:11:5
   |
10 | struct Task {
   |        ---- fields in this struct
11 |     id: u64,
   |     ^^
...
14 |     stack: &'static mut [u8],
   |     ^^^^^

warning: constant `USER_RSP_OFF` is never used
  --> kernel\src\syscall.rs:68:7
   |
68 | const USER_RSP_OFF: u64 = 16;
   |       ^^^^^^^^^^^^

warning: constant `USER_RSP_RESTORE_OFF` is never used
  --> kernel\src\syscall.rs:71:7
   |
71 | const USER_RSP_RESTORE_OFF: u64 = 144 - USER_RSP_OFF;
   |       ^^^^^^^^^^^^^^^^^^^^

warning: function `set_kstack` is never used
   --> kernel\src\syscall.rs:248:8
    |
248 | pub fn set_kstack(top: u64) {
    |        ^^^^^^^^^^

warning: field `0` is never read
  --> kernel\src\vfs.rs:21:8
   |
21 |     Io(AtaError),
   |     -- ^^^^^^^^
   |     |
   |     field in this variant
   |
   = note: `FsError` has a derived impl for the trait `Debug`, but this is intentionally ignored during dead code analysis
help: consider changing the field to be of unit type to suppress this warning while preserving the field numbering, or remove the field
   |
21 -     Io(AtaError),
21 +     Io(()),
   |

warning: variant `Exists` is never constructed
  --> kernel\src\vfs.rs:17:5
   |
15 | pub enum FsError {
   |          ------- variant in this enum
16 |     NotFound,
17 |     Exists,
   |     ^^^^^^
   |
   = note: `FsError` has a derived impl for the trait `Debug`, but this is intentionally ignored during dead code analysis

warning: creating a mutable reference to mutable static
  --> kernel\src\scheduler.rs:33:9
   |
33 | /         TASKS.push(Task {
34 | |             id: NEXT_ID.fetch_add(1, Ordering::Relaxed),
35 | |             entry,
36 | |             sp,
...  |
39 | |             dead: false,
40 | |         });
   | |__________^ mutable reference to mutable static
   |
   = note: mutable references to mutable statics are dangerous; it's undefined behavior if any other pointer to the static is used or if any other reference is created for the static while the mutable reference lives
   = help: use a type that relies on "interior mutability" instead; to read more on this, visit <https://doc.rust-lang.org/reference/interior-mutability.html>
   = note: for more information, see <https://doc.rust-lang.org/edition-guide/rust-2024/static-mut-references.html>
   = note: `#[warn(static_mut_refs)]` (part of `#[warn(rust_2024_compatibility)]`) on by default

warning: creating a mutable reference to mutable static
  --> kernel\src\scheduler.rs:54:9
   |
54 | /         TASKS.push(Task {
55 | |             id: NEXT_ID.fetch_add(1, Ordering::Relaxed),
56 | |             entry: bug_entry,
57 | |             sp,
...  |
60 | |             dead: false,
61 | |         });
   | |__________^ mutable reference to mutable static
   |
   = note: mutable references to mutable statics are dangerous; it's undefined behavior if any other pointer to the static is used or if any other reference is created for the static while the mutable reference lives
   = help: use a type that relies on "interior mutability" instead; to read more on this, visit <https://doc.rust-lang.org/reference/interior-mutability.html>
   = note: for more information, see <https://doc.rust-lang.org/edition-guide/rust-2024/static-mut-references.html>

warning: creating a shared reference to mutable static
  --> kernel\src\scheduler.rs:65:13
   |
65 |             TASK_COUNT
   |             ^^^^^^^^^^ shared reference to mutable static
   |
   = note: shared references to mutable statics are dangerous; it's undefined behavior if the static is mutated or if a mutable reference is created for it while the shared reference lives
   = help: use a type that relies on "interior mutability" instead; to read more on this, visit <https://doc.rust-lang.org/reference/interior-mutability.html>
   = note: for more information, see <https://doc.rust-lang.org/edition-guide/rust-2024/static-mut-references.html>

warning: `kernel` (bin "kernel") generated 16 warnings
    Finished `dev` profile [optimized] target(s) in 7.09s
